[www.siam.in/index.html]
[backblue.gif]
[fade.gif]
[index.html]
[www.siam.in/css/style.css]
[www.siam.in/css/menu.css]
[www.siam.in/css/anythingslider.css]
[code.jquery.com/jquery-latest.min.js]
[www.siam.in/css/responsive.css]
[www.siam.in/css/navigation.css]
[www.siam.in/css/flexslider.css]
[www.siam.in/css/easy-responsive-tabs.css]
[www.siam.in/js/jquery.mmenu.min.js]
[www.siam.in/js/easyResponsiveTabs.js]
[www.siam.in/css/responsiveslides.css]
[www.siam.in/js/responsiveslides.min.js]
[www.siam.in/css/jquery.bxslider.css]
[www.siam.in/js/jquery.bxslider.js]
[www.siam.in/js/jquery.flexisel.js]
[www.siam.in/css/logoCarousel.css]
[www.siam.in/fancyboxresponsive/source/jquery.fancybox.pack8cbb.js]
[www.siam.in/fancyboxresponsive/source/jquery.fancybox8cbb.css]
[www.siam.in/WebResource00ea.js]
[netdna.bootstrapcdn.com/font-awesome/4.7.0/css/font-awesome.min.css]
[www.siam.in/images/logo.png]
[www.siam.in/press-release3ab1.html]
[www.siam.in/news0e04.html]
[www.siam.in/contact-us0540.html]
[www.siam.in/hrspsubmit2724.html]
[www.siam.in/Member/login95df.html]
[www.siam.in/about-us9f31.html]
[www.siam.in/presidents0fd0.html]
[www.siam.in/membersbf6c.html]
[www.siam.in/about-usef7b.html]
[www.siam.in/about-usd856.html]
[www.siam.in/statisticsdf93.html]
[www.siam.in/statistics7230.html]
[www.siam.in/statisticsda86.html]
[www.siam.in/statisticse9c2.html]
[www.siam.in/economic-afairs071b.html]
[www.siam.in/cpagede04.html]
[www.siam.in/cpaged50e.html]
[www.siam.in/cpage7955.html]
[www.siam.in/cpageb208.html]
[www.siam.in/economic-afairsc3d6.html]
[www.siam.in/cpage2cf7.html]
[www.siam.in/economic-afairs32bf.html]
[www.siam.in/economic-afairsc634.html]
[www.siam.in/cpage3500.html]
[www.siam.in/economic-afairs4240.html]
[www.siam.in/economic-afairs4f1f.html]
[www.siam.in/events747a.html]
[www.siam.in/eventse687.html]
[www.siam.in/technical-regulationda1c.html]
[www.siam.in/cpagedd50.html]
[www.siam.in/technical-regulation40da.html]
[www.siam.in/technical-regulation162e.html]
[www.siam.in/technical-regulation4203.html]
[www.siam.in/cpagee00e.html]
[www.siam.in/siam-voluntary-recallc66b.html]
[www.siam.in/cpage4971.html]
[www.siam.in/publications5f19.html]
[www.siam.in/publicationsdfa6.html]
[www.siam.in/cpage7be9.html]
[www.siam.in/cpage6729.html]
[www.siam.in/uploads/Banner/106bimg_president-HomePg.jpg]
[www.siam.in/photo-gallery6b36.html]
[www.siam.in/uploads/Banner/110bimg_Session4.jpg]
[www.siam.in/uploads/Banner/109bimg_Session3.jpg]
[www.siam.in/uploads/Banner/108bimg_Session2.jpg]
[www.siam.in/uploads/Banner/107bimg_Session1.jpg]
[www.siam.in/uploads/Banner/103bimg_Webbanner-N.jpg]
[www.siam.in/uploads/Banner/73bimg_clickBook-ac-black-plane.jpg]
[www.siam.in/selectoem1.html]
[www.siam.in/uploads/Banner/74bimg_HSRP-enquery1-fnl.jpg]
[www.siam.in/uploads/Banner/79bimg_website-Banner8n.jpg]
[www.siam.in/news70b5.html]
[www.siam.in/pressrelease-detailse90c.html]
[www.siam.in/pressrelease-details209b.html]
[www.siam.in/pressrelease-details4b59.html]
[www.siam.in/csrlist7ed4.html]
[www.siam.in/uploads/filemanager/301CSR-Compendium.jpg]
[www.siam.in/uploads/filemanager/287ImpactofCustomsDutyReductionofLocalManufacturing-Rev5.pdf]
[www.siam.in/uploads/filemanager/159SIAMWhitePaperonAlternativeFuelsforvehicles.pdf]
[www.siam.in/uploads/filemanager/148DigitalTransformationRoadmapATKearneyLaunchDeckvF.pdf]
[www.siam.in/uploads/filemanager/1432018-12-20SIAMViewsonFeebates.pdf]
[www.siam.in/images/safe-logo.png]
[www.siam.in/uploads/filemanager/124ASDC-Logo.png]
[www.siam.in/uploads/user/2logo_ashok-leyland.jpg]
[www.siam.in/uploads/user/2005logo_AtherN.jpg]
[www.siam.in/uploads/user/5logo_atul.jpg]
[www.siam.in/uploads/user/8logo_Bajaj-w.jpg]
[www.siam.in/uploads/user/9logo_BMW-w.jpg]
[www.siam.in/uploads/user/1938logo_ContinentalEngine-n.jpg]
[www.siam.in/uploads/user/6logo_cummins.jpg]
[www.siam.in/uploads/user/22logo_DAIMLER.jpg]
[www.siam.in/uploads/user/14logo_fiat.jpg]
[www.siam.in/uploads/user/84logo_force.jpg]
[www.siam.in/uploads/user/25logo_ford.jpg]
[www.siam.in/uploads/user/26logo_FotonN.jpg]
[www.siam.in/uploads/user/39logo_greaves-n.jpg]
[www.siam.in/uploads/user/41logo_hero.jpg]
[www.siam.in/uploads/user/43logo_honda.jpg]
[www.siam.in/uploads/user/44logo_honda-motorcycle.jpg]
[www.siam.in/uploads/user/45logo_Hyundai_Logo_Vertical_FullColour_CMYK.jpg]
[www.siam.in/uploads/user/46logo_kawasaki.jpg]
[www.siam.in/uploads/user/47logo_yamaha.jpg]
[www.siam.in/uploads/user/49logo_NEVERSTOPALT-A.jpg]
[www.siam.in/uploads/user/1942logo_Jaguar-Land-Rover.jpg]
[www.siam.in/uploads/user/1083logo_JBMlogo.png]
[www.siam.in/uploads/user/1313logo_KIA-w.jpg]
[www.siam.in/uploads/user/53logo_mahindra-rise.jpg]
[www.siam.in/uploads/user/63logo_maruti.jpg]
[www.siam.in/uploads/user/65logo_Mercedes.jpg]
[www.siam.in/uploads/user/1296logo_MG.jpg]
[www.siam.in/uploads/user/66logo_nissan.jpg]
[www.siam.in/uploads/user/2004logo_Okinawa.jpg]
[www.siam.in/uploads/user/1593logo_PCA.jpg]
[www.siam.in/uploads/user/67logo_piaggio.jpg]
[www.siam.in/uploads/user/69logo_RENAULT.jpg]
[www.siam.in/uploads/user/70logo_Royalenfield-w.jpg]
[www.siam.in/uploads/user/71logo_scania.jpg]
[www.siam.in/uploads/user/73logo_simpson.jpg]
[www.siam.in/uploads/user/81logo_SkodaVolkswagenLogo.jpg]
[www.siam.in/uploads/user/75logo_SMLISUZU-w.jpg]
[www.siam.in/uploads/user/76logo_suzuki.jpg]
[www.siam.in/uploads/user/83logo_Tata-w.jpg]
[www.siam.in/uploads/user/77logo_toyota-kirloskar.jpg]
[www.siam.in/uploads/user/78logo_Triumph-n.jpg]
[www.siam.in/uploads/user/79logo_tvs.jpg]
[www.siam.in/uploads/user/80logo_ve-commercial.jpg]
[www.siam.in/uploads/user/1494logo_VolvoAuto.jpg]
[www.siam.in/sitemap2bbc.html]
[www.siam.in/terms3674.html]
[www.siam.in/disclaimerc7a8.html]
[www.siam.in/privacy-policy77b5.html]
[www.siam.in/refund-policy18da.html]
[www.siam.in/js/jquery.easing.1.2.js]
[www.siam.in/js/jquery.anythingslider.js]
[www.siam.in/js/jquery.liMarquee.js]
[www.siam.in/js/jquery.flexslider.js]
[www.siam.in/index.html]
[www.siam.in/css/editorcss.css]
[www.siam.in/images/userIcon.png]
[www.siam.in/images/nav-hover.png]
[www.siam.in/images/slider-bg.png]
[www.siam.in/images/arrow.jpg]
[www.siam.in/images/inner-header-banner.png]
[www.siam.in/images/arrow-active.png]
[www.siam.in/images/bluebullet.png]
[www.siam.in/images/download_icon.png]
[www.siam.in/images/microsite-header-bg.png]
[www.siam.in/images/blackbullet.png]
[www.siam.in/images/arrow2.png]
[www.siam.in/images/bullet3.png]
[www.siam.in/images/view_details.png]
[www.siam.in/images/delete_icon.png]
[www.siam.in/images/forum-icons.png]
[www.siam.in/images/memeber-detail-bg.png]
[www.siam.in/images/remove.png]
[www.siam.in/images/plus.png]
[www.siam.in/images/greenBullet.png]
[www.siam.in/images/whiteBullet.png]
[www.siam.in/images/image_preview.jpg]
[www.siam.in/images/file-icons.png]
[www.siam.in/images/plus-mins-icon1.png]
[www.siam.in/css/style.css]
[www.siam.in/images/navleft.png]
[www.siam.in/css/menu.css]
[www.siam.in/images/ver-sprite.png]
[www.siam.in/images/slide-control.png]
[www.siam.in/images/slide-active-control.png]
[www.siam.in/css/anythingslider.css]
[www.siam.in/css/responsive.css]
[www.siam.in/images/main-nav-bg.png]
[www.siam.in/images/admission-menu-bg.jpg]
[www.siam.in/css/navigation.css]
[www.siam.in/images/bg_direction_nav.png]
[www.siam.in/css/flexslider.css]
[www.siam.in/images/tab-sep.png]
[www.siam.in/images/close.png]
[www.siam.in/css/easy-responsive-tabs.css]
[www.siam.in/images/themes.png]
[www.siam.in/css/responsiveslides.css]
[www.siam.in/images/111controls.png]
[www.siam.in/css/jquery.bxslider.css]
[www.siam.in/css/logoCarousel.css]
[www.siam.in/fancyboxresponsive/source/fancybox_sprite.png]
[www.siam.in/fancyboxresponsive/source/fancybox_loading.gif]
[www.siam.in/fancyboxresponsive/source/blank.gif]
[www.siam.in/fancyboxresponsive/source/fancybox_overlay.png]
[www.siam.in/fancyboxresponsive/source/fancybox_sprite@2x.png]
[www.siam.in/fancyboxresponsive/source/fancybox_loading@2x.gif]
[www.siam.in/fancyboxresponsive/source/jquery.fancybox8cbb.css]
[www.siam.in/WebResource00ea.js]
[netdna.bootstrapcdn.com/font-awesome/4.7.0/css/font-awesome.min.css]
[www.siam.in/css/jquery-ui.css]
[ajax.googleapis.com/ajax/libs/jqueryui/1.9.1/jquery-ui.min.js]
[www.siam.in/css/colorbox.css]
[www.siam.in/ScriptResource66f8.js]
[www.siam.in/ScriptResource1782.js]
[www.siam.in/media-coveragec8bc.html]
[www.siam.in/album0767.html]
[www.siam.in/pressrelease-details35a4.html]
[www.siam.in/pressrelease-details0624.html]
[www.siam.in/pressrelease-detailsa3b2.html]
[www.siam.in/js/jquery.colorbox.js]
[www.siam.in/js/colorbox-read.js]
[www.siam.in/css/SpryAccordion.css]
[www.siam.in/js/SpryAccordion.js]
[www.siam.in/js/jquery.lightbox-0.5.js]
[www.siam.in/css/jquery.lightbox-0.5.css]
[www.siam.in/press-release3ab1.html]
[www.siam.in/css/ajax_stylesheet5e1f.css]
[www.siam.in/images/popup_bg.png]
[www.siam.in/ScriptResource092a.axd]
[www.siam.in/ScriptResourceb7da.axd]
[www.siam.in/ScriptResourcef889.axd]
[www.siam.in/ScriptResource4bdc.axd]
[www.siam.in/ScriptResourcedddd.axd]
[www.siam.in/news0e04.html]
[www.siam.in/newsb9da.html]
[www.siam.in/contact-us0540.html]
[www.siam.in/enquiryf6bf.html]
[www.siam.in/ScriptResource99d4.js]
[www.siam.in/css/bootstrap.min.css]
[www.siam.in/hrsp-terms.html]
[www.siam.in/hrspsubmit2724.html]
[www.siam.in/WebResource475b.js]
[www.siam.in/Member/login95df.html]
[www.siam.in/about-us9f31.html]
[www.siam.in/Member/forgot-password9855.html]
[www.siam.in/uploads/president/37pimg_VP_Treasurer-SIAM.jpg]
[www.siam.in/uploads/president/34pimg_mr-kenichi-ayukawa.jpg]
[www.siam.in/uploads/president/33pimg_rajan-wadhera.png]
[www.siam.in/uploads/president/32pimg_abhay-navalmal-firodia-banner-image.png]
[www.siam.in/uploads/president/31pimg_Vinod-K-Dasari.jpg]
[www.siam.in/uploads/president/2pimg_President2(1).jpg]
[www.siam.in/uploads/president/1pimg_P-member2.jpg]
[www.siam.in/uploads/president/3pimg_pawan-goenka.jpg]
[www.siam.in/uploads/president/4pimg_ravikant.jpg]
[www.siam.in/uploads/president/5pimg_MadhurBajaj.jpg]
[www.siam.in/uploads/president/6pimg_khattar.jpg]
[www.siam.in/uploads/president/7pimg_rseshasayee.jpg]
[www.siam.in/uploads/president/8pimg_venusrinivasan.jpg]
[www.siam.in/uploads/president/9pimg_vmraval.jpg]
[www.siam.in/uploads/president/10pimg_brijmohan.jpg]
[www.siam.in/uploads/president/11pimg_vinod.jpg]
[www.siam.in/uploads/president/12pimg_Subodh.jpg]
[www.siam.in/uploads/president/13pimg_abhay.jpg]
[www.siam.in/uploads/president/14pimg_souza.jpg]
[www.siam.in/uploads/president/15pimg_bhatter.jpg]
[www.siam.in/uploads/president/16pimg_vk.jpg]
[www.siam.in/uploads/president/17pimg_rjshahaney.jpg]
[www.siam.in/uploads/president/18pimg_cvknarayan.jpg]
[www.siam.in/uploads/president/19pimg_pnvenkatesan.jpg]
[www.siam.in/uploads/president/20pimg_rahulbajaj.jpg]
[www.siam.in/uploads/president/21pimg_jetalulicar.jpg]
[www.siam.in/uploads/president/22pimg_nkfirodia.jpg]
[www.siam.in/uploads/president/23pimg_asivasailam.jpg]
[www.siam.in/uploads/president/24pimg_ahtobaccowala.jpg]
[www.siam.in/uploads/president/25pimg_kvsrinivasan.jpg]
[www.siam.in/uploads/president/26pimg_machidambaram.jpg]
[www.siam.in/uploads/president/27pimg_keshubmahindra.jpg]
[www.siam.in/uploads/president/28pimg_aelcollins.jpg]
[www.siam.in/uploads/president/29pimg_lpmisra.jpg]
[www.siam.in/uploads/president/30pimg_lalchandhirachand.jpg]
[www.siam.in/presidents0fd0.html]
[www.siam.in/member-details4eda.html]
[www.siam.in/member-details6bef.html]
[www.siam.in/member-details981b.html]
[www.siam.in/member-detailsadb0.html]
[www.siam.in/member-detailscc31.html]
[www.siam.in/member-details10a6.html]
[www.siam.in/member-detailse0a7.html]
[www.siam.in/member-detailscb72.html]
[www.siam.in/member-detailsbaf9.html]
[www.siam.in/member-detailsf246.html]
[www.siam.in/member-detailsa0fc.html]
[www.siam.in/member-details1d65.html]
[www.siam.in/member-details9065.html]
[www.siam.in/member-details3534.html]
[www.siam.in/member-details6f5f.html]
[www.siam.in/member-detailsbbcf.html]
[www.siam.in/member-detailsd01b.html]
[www.siam.in/member-details9b81.html]
[www.siam.in/member-detailsaf92.html]
[www.siam.in/member-details3a85.html]
[www.siam.in/member-details79d4.html]
[www.siam.in/member-detailsc735.html]
[www.siam.in/member-details0a5b.html]
[www.siam.in/member-details22a0.html]
[www.siam.in/member-detailsf24c.html]
[www.siam.in/member-detailsf4ff.html]
[www.siam.in/member-detailsd4f4.html]
[www.siam.in/member-details2f1a.html]
[www.siam.in/member-details8eb3.html]
[www.siam.in/member-details9249.html]
[www.siam.in/member-details7e57.html]
[www.siam.in/member-details20b3.html]
[www.siam.in/member-details3e32.html]
[www.siam.in/member-details726b.html]
[www.siam.in/member-details67d8.html]
[www.siam.in/member-details1e04.html]
[www.siam.in/member-details73fd.html]
[www.siam.in/member-details7074.html]
[www.siam.in/member-details57c6.html]
[www.siam.in/member-detailsc6bb.html]
[www.siam.in/member-detailsfd8c.html]
[www.siam.in/member-details542b.html]
[www.siam.in/member-details0451.html]
[www.siam.in/member-detailsfe0c.html]
[www.siam.in/membersbf6c.html]
[www.siam.in/about-usef7b.html]
[www.siam.in/about-usd856.html]
[www.siam.in/statisticsdf93.html]
[www.siam.in/statistics7230.html]
[www.siam.in/statisticsda86.html]
[www.siam.in/statisticse9c2.html]
[www.siam.in/economic-afairs071b.html]
[www.siam.in/cpagede04.html]
[www.siam.in/uploads/filemanager/19ReviewofAutomotiveMissionPlan2006-2016.pdf]
[www.siam.in/cpaged50e.html]
[www.siam.in/uploads/filemanager/20AMP-2006-16.pdf]
[www.siam.in/cpage7955.html]
[www.siam.in/uploads/filemanager/47AUTOMOTIVEMISSIONPLAN.pdf]
[www.siam.in/cpageb208.html]
[www.siam.in/economic-afairsc3d6.html]
[www.siam.in/cpage2cf7.html]
[www.siam.in/economic-afairs32bf.html]
[www.siam.in/economic-afairsc634.html]
[www.siam.in/cpage3500.html]
[www.siam.in/images/formula.png]
[www.siam.in/images/formula2.png]
[www.siam.in/economic-afairs4240.html]
[www.siam.in/images/no-image.png]
[www.siam.in/economic-afairs4f1f.html]
[www.siam.in/events747a.html]
[www.siam.in/event-overview9e7f.html]
[www.siam.in/event-overviewff61.html]
[www.siam.in/event-overview9d4e.html]
[www.siam.in/event-overviewe3ff.html]
[www.siam.in/event-overview1dd7.html]
[www.siam.in/event-overview221a.html]
[www.siam.in/eventse687.html]
[www.siam.in/event-overview70a2.html]
[www.siam.in/uploads/filemanager/11Emission.jpg]
[www.siam.in/uploads/filemanager/12SafetyReg.jpg]
[www.siam.in/uploads/filemanager/13Emissions-Safety.jpg]
[www.siam.in/technical-regulationda1c.html]
[www.siam.in/uploads/filemanager/2441-HSRP.jpg]
[www.siam.in/uploads/filemanager/2452-HSRP.jpg]
[www.siam.in/uploads/filemanager/2463-HSRP.jpg]
[www.siam.in/uploads/filemanager/2474-HSRP.jpg]
[www.siam.in/uploads/filemanager/2485-HSRP.jpg]
[www.siam.in/uploads/filemanager/2496-HSRP.jpg]
[www.siam.in/cpagedd50.html]
[www.siam.in/uploads/filemanager/14pollutants-snc1991.jpg]
[www.siam.in/uploads/filemanager/15mass-emission2n3.jpg]
[www.siam.in/technical-regulation40da.html]
[www.siam.in/uploads/filemanager/16India-TypeApproval-PC.jpg]
[www.siam.in/uploads/filemanager/172-Regulatory-Bus.jpg]
[www.siam.in/uploads/filemanager/183-Regulatory-Truks.jpg]
[www.siam.in/technical-regulation162e.html]
[www.siam.in/technical-regulation4203.html]
[www.siam.in/uploads/filemanager/2344WFEDeclaration2019-20.pdf]
[www.siam.in/uploads/filemanager/1722W-FE-Declaration-2019.pdf]
[www.siam.in/cpagee00e.html]
[www.siam.in/siam-voluntary-recallc66b.html]
[www.siam.in/uploads/filemanager/284AuthorisedScrappers11-Jun-202115-11-084.pdf]
[www.siam.in/uploads/filemanager/286n-AuthorisedScrappers11-Jun-2021-15-11-08.jpg]
[www.siam.in/uploads/filemanager/285PublicNotice11-Jun-202115-30-464.pdf]
[www.siam.in/cpage4971.html]
[www.siam.in/siam-registration5f19.html]
[www.siam.in/js/bootstrap.min.js]
[www.siam.in/publications5f19.html]
[www.siam.in/siam-publicationdfa6.html]
[www.siam.in/siam-publicationb723.html]
[www.siam.in/siam-publication882b.html]
[www.siam.in/siam-publicationb05a.html]
[www.siam.in/siam-publicationcdd6.html]
[www.siam.in/siam-publicationa98c.html]
[www.siam.in/siam-publicationfdff.html]
[www.siam.in/siam-publication63f2.html]
[www.siam.in/siam-publication7114.html]
[www.siam.in/siam-publication4130.html]
[www.siam.in/siam-publicationcb90.html]
[www.siam.in/siam-publication241d.html]
[www.siam.in/siam-publicationda07.html]
[www.siam.in/siam-publicationbf54.html]
[www.siam.in/siam-publicationf673.html]
[www.siam.in/siam-publicationf5e5.html]
[www.siam.in/siam-publicationcb80.html]
[www.siam.in/siam-publication17a2.html]
[www.siam.in/siam-publicationa968.html]
[www.siam.in/siam-publicationabec.html]
[www.siam.in/siam-publicationc63a.html]
[www.siam.in/siam-publicatione286.html]
[www.siam.in/siam-publication378e.html]
[www.siam.in/siam-publicationc3e2.html]
[www.siam.in/siam-publication548a.html]
[www.siam.in/siam-publication6ed4.html]
[www.siam.in/siam-publication7505.html]
[www.siam.in/siam-publicatione9ba.html]
[www.siam.in/siam-publication37cc.html]
[www.siam.in/siam-publicationda06.html]
[www.siam.in/uploads/images/profile.jpg]
[www.siam.in/siam-publication5f83.html]
[www.siam.in/uploads/images/stitistical-profile.jpg]
[www.siam.in/siam-publication9c9c.html]
[www.siam.in/siam-publication1ae4.html]
[www.siam.in/siam-publication1d6d.html]
[www.siam.in/siam-publicationcd91.html]
[www.siam.in/siam-publicationfa26.html]
[www.siam.in/siam-publicatione000.html]
[www.siam.in/publicationsdfa6.html]
[www.siam.in/cpage7be9.html]
[www.siam.in/siam-publication5b46.html]
[www.siam.in/uploads/filemanager/319SIAMAnnualReport2020-21.pdf]
[www.siam.in/uploads/ar/22-22ndAnnual Report 2019-20.pdf]
[www.siam.in/uploads/ar/21-21stAnnualReport2018-2019.pdf]
[www.siam.in/uploads/ar/20-20thAnnual Report2017-2018.pdf]
[www.siam.in/cpage6729.html]
[www.siam.in/photo-gallery6b36.html]
[www.siam.in/selectoem1.html]
[www.siam.in/news70b5.html]
[www.siam.in/pressrelease-detailse90c.html]
[www.siam.in/pressrelease-details209b.html]
[www.siam.in/pressrelease-details4b59.html]
[www.siam.in/csrlist7ed4.html]
[www.siam.in/safe/index.html]
[www.siam.in/sitemap2bbc.html]
[www.siam.in/terms3674.html]
[www.siam.in/disclaimerc7a8.html]
[www.siam.in/privacy-policy77b5.html]
[www.siam.in/refund-policy18da.html]
[www.siam.in/css/editorcss.css]
[www.siam.in/images/nav-arrow.html]
[www.siam.in/images/icon-sprite.html]
[www.siam.in/images/icon-guest-fac.html]
[www.siam.in/images/icon-teaching-fac.html]
[www.siam.in/images/icon-distinguished-fac.html]
[www.siam.in/images/icon-app-form.html]
[www.siam.in/images/icon-app-pro.html]
[www.siam.in/images/icon-live-cnsl.html]
[www.siam.in/images/icon-edu-loans.html]
[www.siam.in/images/icon-career-test.html]
[www.siam.in/images/icon-schlrship.html]
[www.siam.in/images/bx_loader.html]
[www.siam.in/POST.html]
[www.siam.in/css/jquery-ui.css]
[www.siam.in/js/jquery-1.8.3.html]
[www.siam.in/css/colorbox.css]
[www.siam.in/ScriptResource66f8.js]
[www.siam.in/ScriptResource1782.js]
[www.siam.in/media-coveragec8bc.html]
[www.siam.in/album0767.html]
[www.siam.in/pressrelease-details35a4.html]
[www.siam.in/pressrelease-details0624.html]
[www.siam.in/pressrelease-detailsa3b2.html]
